[wowtheme7.com/tf/logistick/logistick/index-3.html]
[backblue.gif]
[fade.gif]
[index.html]
[wowtheme7.com/tf/logistick/logistick/assets/images/logo/favicon.png]
[wowtheme7.com/tf/logistick/logistick/assets/css/bootstrap.min.css]
[wowtheme7.com/tf/logistick/logistick/assets/css/satoshi.css]
[wowtheme7.com/tf/logistick/logistick/assets/css/swiper-bundle.min.css]
[wowtheme7.com/tf/logistick/logistick/assets/css/aos.css]
[wowtheme7.com/tf/logistick/logistick/assets/css/animated-radial-progress.css]
[wowtheme7.com/tf/logistick/logistick/assets/css/magnific-popup.css]
[wowtheme7.com/tf/logistick/logistick/assets/css/main.css]
[wowtheme7.com/tf/logistick/logistick/index.html]
[wowtheme7.com/tf/logistick/logistick/assets/images/logo/logo2.png]
[wowtheme7.com/tf/logistick/logistick/index-2.html]
[wowtheme7.com/tf/logistick/logistick/index-4.html]
[wowtheme7.com/tf/logistick/logistick/index-5.html]
[wowtheme7.com/tf/logistick/logistick/project.html]
[wowtheme7.com/tf/logistick/logistick/project-details.html]
[wowtheme7.com/tf/logistick/logistick/team.html]
[wowtheme7.com/tf/logistick/logistick/team-details.html]
[wowtheme7.com/tf/logistick/logistick/service.html]
[wowtheme7.com/tf/logistick/logistick/service-details.html]
[wowtheme7.com/tf/logistick/logistick/about.html]
[wowtheme7.com/tf/logistick/logistick/blog.html]
[wowtheme7.com/tf/logistick/logistick/blog-details.html]
[wowtheme7.com/tf/logistick/logistick/contact.html]
[wowtheme7.com/tf/logistick/logistick/assets/images/logo/logo4.png]
[wowtheme7.com/tf/logistick/logistick/assets/images/logo/logo3.png]
[wowtheme7.com/tf/logistick/logistick/assets/images/thumbs/flag1.png]
[wowtheme7.com/tf/logistick/logistick/assets/images/thumbs/flag2.png]
[wowtheme7.com/tf/logistick/logistick/assets/images/thumbs/flag3.png]
[wowtheme7.com/tf/logistick/logistick/assets/images/thumbs/flag4.png]
[wowtheme7.com/tf/logistick/logistick/assets/images/thumbs/flag6.png]
[wowtheme7.com/tf/logistick/logistick/assets/images/thumbs/flag5.png]
[wowtheme7.com/tf/logistick/logistick/assets/images/icons/cart-icon.svg]
[wowtheme7.com/tf/logistick/logistick/assets/images/icons/bars-two.svg]
[wowtheme7.com/tf/logistick/logistick/assets/images/thumbs/banner-three-img.png]
[wowtheme7.com/tf/logistick/logistick/assets/images/thumbs/only-track.png]
[wowtheme7.com/tf/logistick/logistick/assets/images/shapes/curve-road.png]
[wowtheme7.com/tf/logistick/logistick/assets/images/shapes/banner--three-plane.png]
[wowtheme7.com/tf/logistick/logistick/assets/images/thumbs/plane-track-img.png]
[wowtheme7.com/tf/logistick/logistick/assets/images/thumbs/brand-three-img1.png]
[wowtheme7.com/tf/logistick/logistick/assets/images/thumbs/brand-three-img2.png]
[wowtheme7.com/tf/logistick/logistick/assets/images/thumbs/brand-three-img3.png]
[wowtheme7.com/tf/logistick/logistick/assets/images/thumbs/brand-three-img4.png]
[wowtheme7.com/tf/logistick/logistick/assets/images/thumbs/brand-three-img5.png]
[wowtheme7.com/tf/logistick/logistick/assets/images/thumbs/brand-two-img6.png]
[wowtheme7.com/tf/logistick/logistick/assets/images/shapes/thrree-sections-bg.png]
[wowtheme7.com/tf/logistick/logistick/assets/images/shapes/moon-shape.png]
[wowtheme7.com/tf/logistick/logistick/assets/images/thumbs/service-three-img1.png]
[wowtheme7.com/tf/logistick/logistick/assets/images/icons/service-three-icon1.svg]
[wowtheme7.com/tf/logistick/logistick/assets/images/icons/arrow-long.svg]
[wowtheme7.com/tf/logistick/logistick/assets/images/thumbs/service-three-img2.png]
[wowtheme7.com/tf/logistick/logistick/assets/images/icons/service-three-icon2.svg]
[wowtheme7.com/tf/logistick/logistick/assets/images/thumbs/service-three-img3.png]
[wowtheme7.com/tf/logistick/logistick/assets/images/icons/service-three-icon3.svg]
[wowtheme7.com/tf/logistick/logistick/assets/images/thumbs/about-three-img1.png]
[wowtheme7.com/tf/logistick/logistick/assets/images/thumbs/about-three-img2.png]
[wowtheme7.com/tf/logistick/logistick/assets/images/icons/features-icon1.svg]
[wowtheme7.com/tf/logistick/logistick/assets/images/icons/features-icon3.svg]
[wowtheme7.com/tf/logistick/logistick/assets/images/thumbs/about-advisor.png]
[wowtheme7.com/tf/logistick/logistick/assets/images/icons/star-icon.svg]
[wowtheme7.com/tf/logistick/logistick/assets/images/shapes/track-order-bg.png]
[wowtheme7.com/tf/logistick/logistick/assets/images/thumbs/track-order-img.png]
[wowtheme7.com/tf/logistick/logistick/assets/images/icons/rocket.svg]
[wowtheme7.com/tf/logistick/logistick/assets/images/icons/transport-way-icon1.svg]
[wowtheme7.com/tf/logistick/logistick/assets/images/icons/transport-way-icon2.svg]
[wowtheme7.com/tf/logistick/logistick/assets/images/icons/transport-way-icon3.svg]
[wowtheme7.com/tf/logistick/logistick/assets/images/icons/transport-way-icon4.svg]
[wowtheme7.com/tf/logistick/logistick/assets/images/shapes/project-three-bg.png]
[wowtheme7.com/tf/logistick/logistick/assets/images/shapes/quote-three-bg.png]
[wowtheme7.com/tf/logistick/logistick/assets/images/thumbs/quote-three-img.png]
[wowtheme7.com/tf/logistick/logistick/assets/images/thumbs/project-img1.png]
[wowtheme7.com/tf/logistick/logistick/assets/images/thumbs/project-img2.png]
[wowtheme7.com/tf/logistick/logistick/assets/images/thumbs/project-img3.png]
[wowtheme7.com/tf/logistick/logistick/assets/images/thumbs/project-img4.png]
[wowtheme7.com/tf/logistick/logistick/assets/images/shapes/contact-us-three-plane.png]
[wowtheme7.com/tf/logistick/logistick/assets/images/icons/service-icon1.svg]
[wowtheme7.com/tf/logistick/logistick/assets/images/icons/service-icon5.svg]
[wowtheme7.com/tf/logistick/logistick/assets/images/icons/tranport-way-icon33.svg]
[wowtheme7.com/tf/logistick/logistick/assets/images/icons/message-double.svg]
[wowtheme7.com/tf/logistick/logistick/assets/images/thumbs/contact-us-three-img1.png]
[wowtheme7.com/tf/logistick/logistick/assets/images/thumbs/contact-us-three-img2.png]
[wowtheme7.com/tf/logistick/logistick/assets/images/shapes/how-it-work-bg.png]
[wowtheme7.com/tf/logistick/logistick/assets/images/thumbs/projects-shape-img.png]
[wowtheme7.com/tf/logistick/logistick/assets/images/thumbs/support-three-bg.png]
[wowtheme7.com/tf/logistick/logistick/assets/images/shapes/support-small-plane.png]
[wowtheme7.com/tf/logistick/logistick/assets/images/thumbs/pricing-card-img.png]
[wowtheme7.com/tf/logistick/logistick/assets/images/shapes/pattern-bg-two.png]
[wowtheme7.com/tf/logistick/logistick/assets/images/thumbs/about-img.png]
[wowtheme7.com/tf/logistick/logistick/assets/images/icons/quate-icon.svg]
[wowtheme7.com/tf/logistick/logistick/assets/images/icons/counter-three-icon1.svg]
[wowtheme7.com/tf/logistick/logistick/assets/images/icons/counter-three-icon2.svg]
[wowtheme7.com/tf/logistick/logistick/assets/images/icons/counter-three-icon3.svg]
[wowtheme7.com/tf/logistick/logistick/assets/images/icons/counter-three-icon4.svg]
[wowtheme7.com/tf/logistick/logistick/assets/images/shapes/blog-three-bg.png]
[wowtheme7.com/tf/logistick/logistick/assets/images/thumbs/blog-three-img1.png]
[wowtheme7.com/tf/logistick/logistick/assets/images/thumbs/blog-three-img2.png]
[wowtheme7.com/tf/logistick/logistick/assets/images/thumbs/truck-light.png]
[wowtheme7.com/tf/logistick/logistick/assets/images/thumbs/latest-post-img1.png]
[wowtheme7.com/tf/logistick/logistick/assets/images/thumbs/latest-post-img2.png]
[wowtheme7.com/tf/logistick/logistick/assets/js/jquery-3.7.1.min.js]
[wowtheme7.com/tf/logistick/logistick/assets/js/phosphor-icon.js]
[wowtheme7.com/tf/logistick/logistick/assets/js/boostrap.bundle.min.js]
[wowtheme7.com/tf/logistick/logistick/assets/js/SplitText.min.js]
[wowtheme7.com/tf/logistick/logistick/assets/js/swiper-bundle.min.js]
[wowtheme7.com/tf/logistick/logistick/assets/js/ScrollTrigger.min.js]
[wowtheme7.com/tf/logistick/logistick/assets/js/gsap.min.js]
[wowtheme7.com/tf/logistick/logistick/assets/js/custom-gsap.js]
[wowtheme7.com/tf/logistick/logistick/assets/js/aos.js]
[wowtheme7.com/tf/logistick/logistick/assets/js/animated-radial-progress.js]
[wowtheme7.com/tf/logistick/logistick/assets/js/counterup.min.js]
[wowtheme7.com/tf/logistick/logistick/assets/js/magnific-popup.min.js]
[wowtheme7.com/tf/logistick/logistick/assets/js/jquery.marquee.min.js]
[wowtheme7.com/tf/logistick/logistick/index-3.html]
[wowtheme7.com/tf/logistick/logistick/assets/css/bootstrap.min.css]
[wowtheme7.com/tf/logistick/logistick/assets/css/satoshi.css]
[wowtheme7.com/tf/logistick/logistick/assets/css/swiper-bundle.min.css]
[wowtheme7.com/tf/logistick/logistick/assets/js/main.js]
[wowtheme7.com/tf/logistick/logistick/assets/css/aos.css]
[wowtheme7.com/tf/logistick/logistick/assets/css/animated-radial-progress.css]
[wowtheme7.com/tf/logistick/logistick/assets/css/magnific-popup.css]
[wowtheme7.com/tf/logistick/logistick/assets/images/shapes/logo-shape.png]
[wowtheme7.com/tf/logistick/logistick/assets/images/shapes/quate-shape.png]
[wowtheme7.com/tf/logistick/logistick/assets/images/shapes/quate-shape-two.png]
[wowtheme7.com/tf/logistick/logistick/assets/images/shapes/about-four-details-shape.png]
[wowtheme7.com/tf/logistick/logistick/assets/css/main.css]
[wowtheme7.com/tf/logistick/logistick/assets/images/logo/logo.png]
[wowtheme7.com/tf/logistick/logistick/assets/images/icons/bars.svg]
[wowtheme7.com/tf/logistick/logistick/assets/images/shapes/plane-small.png]
[wowtheme7.com/tf/logistick/logistick/assets/images/shapes/triangle-shape.png]
[wowtheme7.com/tf/logistick/logistick/assets/images/thumbs/banner-img1.png]
[wowtheme7.com/tf/logistick/logistick/assets/images/thumbs/banner-two-bg-1.png]
[wowtheme7.com/tf/logistick/logistick/assets/images/thumbs/banner-img3.png]
[wowtheme7.com/tf/logistick/logistick/assets/images/shapes/features-bg.png]
[wowtheme7.com/tf/logistick/logistick/assets/images/icons/features-icon2.svg]
[wowtheme7.com/tf/logistick/logistick/assets/images/icons/features-icon4.svg]
[wowtheme7.com/tf/logistick/logistick/assets/images/shapes/about-plane.png]
[wowtheme7.com/tf/logistick/logistick/assets/images/thumbs/truck-head.png]
[wowtheme7.com/tf/logistick/logistick/assets/images/icons/play-bar.svg]
[wowtheme7.com/tf/logistick/logistick/assets/images/thumbs/glob-track.png]
[wowtheme7.com/tf/logistick/logistick/assets/images/shapes/line-shape.png]
[wowtheme7.com/tf/logistick/logistick/assets/images/icons/about-icon1.svg]
[wowtheme7.com/tf/logistick/logistick/assets/images/icons/about-icon2.svg]
[wowtheme7.com/tf/logistick/logistick/assets/images/thumbs/user-img.png]
[wowtheme7.com/tf/logistick/logistick/assets/images/thumbs/signature.png]
[wowtheme7.com/tf/logistick/logistick/assets/images/shapes/pattern-bg.png]
[wowtheme7.com/tf/logistick/logistick/assets/images/thumbs/service-bg-img.png]
[wowtheme7.com/tf/logistick/logistick/assets/images/icons/service-icon3.svg]
[wowtheme7.com/tf/logistick/logistick/assets/images/icons/service-icon4.svg]
[wowtheme7.com/tf/logistick/logistick/assets/images/thumbs/service-img.png]
[wowtheme7.com/tf/logistick/logistick/assets/images/shapes/counter-shape.png]
[wowtheme7.com/tf/logistick/logistick/assets/images/thumbs/counter-img.png]
[wowtheme7.com/tf/logistick/logistick/assets/images/shapes/counter-bg.png]
[wowtheme7.com/tf/logistick/logistick/assets/images/thumbs/counter-bg-img.png]
[wowtheme7.com/tf/logistick/logistick/assets/images/thumbs/biman-blue.png]
[wowtheme7.com/tf/logistick/logistick/assets/images/thumbs/ship.png]
[wowtheme7.com/tf/logistick/logistick/assets/images/shapes/key-features-dotted.png]
[wowtheme7.com/tf/logistick/logistick/assets/images/shapes/key-features-shape.png]
[wowtheme7.com/tf/logistick/logistick/assets/images/icons/key-features-icon1.svg]
[wowtheme7.com/tf/logistick/logistick/assets/images/icons/key-features-icon2.svg]
[wowtheme7.com/tf/logistick/logistick/assets/images/icons/key-features-icon3.svg]
[wowtheme7.com/tf/logistick/logistick/assets/images/thumbs/kay-features-img.png]
[wowtheme7.com/tf/logistick/logistick/assets/images/icons/key-features-icon4.svg]
[wowtheme7.com/tf/logistick/logistick/assets/images/icons/key-features-icon5.svg]
[wowtheme7.com/tf/logistick/logistick/assets/images/icons/key-features-icon6.svg]
[wowtheme7.com/tf/logistick/logistick/assets/images/shapes/plane-down.png]
[wowtheme7.com/tf/logistick/logistick/assets/images/shapes/biman-line.png]
[wowtheme7.com/tf/logistick/logistick/assets/images/icons/tranport-way-icon1.svg]
[wowtheme7.com/tf/logistick/logistick/assets/images/shapes/curve-arrow-right.png]
[wowtheme7.com/tf/logistick/logistick/assets/images/icons/tranport-way-icon2.svg]
[wowtheme7.com/tf/logistick/logistick/assets/images/icons/tranport-way-icon3.svg]
[wowtheme7.com/tf/logistick/logistick/assets/images/thumbs/contact-us-img1.png]
[wowtheme7.com/tf/logistick/logistick/assets/images/icons/conact-us-icon1.svg]
[wowtheme7.com/tf/logistick/logistick/assets/images/icons/arrow-right.svg]
[wowtheme7.com/tf/logistick/logistick/assets/images/thumbs/contact-us-img2.png]
[wowtheme7.com/tf/logistick/logistick/assets/images/icons/conact-us-icon2.svg]
[wowtheme7.com/tf/logistick/logistick/assets/images/shapes/map-img.png]
[wowtheme7.com/tf/logistick/logistick/assets/images/thumbs/map-img1.png]
[wowtheme7.com/tf/logistick/logistick/assets/images/shapes/quate-bg-img.png]
[wowtheme7.com/tf/logistick/logistick/assets/images/thumbs/karen.png]
[wowtheme7.com/tf/logistick/logistick/assets/images/thumbs/quate-img.png]
[wowtheme7.com/tf/logistick/logistick/assets/images/icons/facility-icon1.svg]
[wowtheme7.com/tf/logistick/logistick/assets/images/icons/facility-icon2.svg]
[wowtheme7.com/tf/logistick/logistick/assets/images/icons/facility-icon3.svg]
[wowtheme7.com/tf/logistick/logistick/assets/images/shapes/testimonials-brand-bg.png]
[wowtheme7.com/tf/logistick/logistick/assets/images/thumbs/brand-img1.png]
[wowtheme7.com/tf/logistick/logistick/assets/images/thumbs/brand-img2.png]
[wowtheme7.com/tf/logistick/logistick/assets/images/thumbs/brand-img3.png]
[wowtheme7.com/tf/logistick/logistick/assets/images/thumbs/brand-img4.png]
[wowtheme7.com/tf/logistick/logistick/assets/images/thumbs/brand-img5.png]
[wowtheme7.com/tf/logistick/logistick/assets/images/thumbs/blog-img1.png]
[wowtheme7.com/tf/logistick/logistick/assets/images/thumbs/blog-img2.png]
[wowtheme7.com/tf/logistick/logistick/assets/images/thumbs/blog-img3.png]
[wowtheme7.com/tf/logistick/logistick/assets/images/icons/message-icon.svg]
[wowtheme7.com/tf/logistick/logistick/assets/images/shapes/contact-box-shape.png]
[wowtheme7.com/tf/logistick/logistick/index.html]
[wowtheme7.com/tf/logistick/logistick/assets/images/icons/watch.svg]
[wowtheme7.com/tf/logistick/logistick/assets/images/icons/envelop.svg]
[wowtheme7.com/tf/logistick/logistick/assets/images/icons/phone.svg]
[wowtheme7.com/tf/logistick/logistick/assets/images/icons/papper.svg]
[wowtheme7.com/tf/logistick/logistick/assets/images/thumbs/banner-two-man-img.png]
[wowtheme7.com/tf/logistick/logistick/assets/images/shapes/circle.png]
[wowtheme7.com/tf/logistick/logistick/assets/images/thumbs/banner-two-bg-2.png]
[wowtheme7.com/tf/logistick/logistick/assets/images/thumbs/banner-two-bg-3.png]
[wowtheme7.com/tf/logistick/logistick/assets/images/thumbs/brand-two-img1.png]
[wowtheme7.com/tf/logistick/logistick/assets/images/thumbs/brand-two-img2.png]
[wowtheme7.com/tf/logistick/logistick/assets/images/thumbs/brand-two-img3.png]
[wowtheme7.com/tf/logistick/logistick/assets/images/thumbs/brand-two-img4.png]
[wowtheme7.com/tf/logistick/logistick/assets/images/thumbs/brand-two-img5.png]
[wowtheme7.com/tf/logistick/logistick/assets/images/thumbs/brand-two-img7.png]
[wowtheme7.com/tf/logistick/logistick/assets/images/thumbs/about-two-img1.jpg]
[wowtheme7.com/tf/logistick/logistick/assets/images/thumbs/about-two-img2.png]
[wowtheme7.com/tf/logistick/logistick/assets/images/thumbs/about-two-img3.png]
[wowtheme7.com/tf/logistick/logistick/assets/images/shapes/dotted-shape.png]
[wowtheme7.com/tf/logistick/logistick/assets/images/icons/tag-icon.svg]
[wowtheme7.com/tf/logistick/logistick/assets/images/icons/spy-icon.svg]
[wowtheme7.com/tf/logistick/logistick/assets/images/icons/hand-love.svg]
[wowtheme7.com/tf/logistick/logistick/assets/images/thumbs/client-img2.png]
[wowtheme7.com/tf/logistick/logistick/assets/images/thumbs/client-img1.png]
[wowtheme7.com/tf/logistick/logistick/assets/images/thumbs/client-img3.png]
[wowtheme7.com/tf/logistick/logistick/assets/images/thumbs/client-img4.png]
[wowtheme7.com/tf/logistick/logistick/assets/images/shapes/line-shape2.png]
[wowtheme7.com/tf/logistick/logistick/assets/images/shapes/quote-two-bg.png]
[wowtheme7.com/tf/logistick/logistick/assets/images/shapes/plan-location.png]
[wowtheme7.com/tf/logistick/logistick/assets/images/shapes/curve-arrow-left.png]
[wowtheme7.com/tf/logistick/logistick/assets/images/shapes/bg-pattern.png]
[wowtheme7.com/tf/logistick/logistick/assets/images/thumbs/rect-img.png]
[wowtheme7.com/tf/logistick/logistick/assets/images/thumbs/ship-big.png]
[wowtheme7.com/tf/logistick/logistick/assets/images/thumbs/process-bg-img.png]
[wowtheme7.com/tf/logistick/logistick/assets/images/icons/process-icon1.svg]
[wowtheme7.com/tf/logistick/logistick/assets/images/icons/process-icon2.svg]
[wowtheme7.com/tf/logistick/logistick/assets/images/icons/process-icon3.svg]
[wowtheme7.com/tf/logistick/logistick/assets/images/thumbs/team-img1.png]
[wowtheme7.com/tf/logistick/logistick/assets/images/thumbs/team-img2.png]
[wowtheme7.com/tf/logistick/logistick/assets/images/thumbs/team-img3.png]
[wowtheme7.com/tf/logistick/logistick/assets/images/thumbs/team-img5.png]
[wowtheme7.com/tf/logistick/logistick/assets/images/shapes/pricing-bg.png]
[wowtheme7.com/tf/logistick/logistick/assets/images/icons/tv-icon.svg]
[wowtheme7.com/tf/logistick/logistick/assets/images/icons/wifi-router.svg]
[wowtheme7.com/tf/logistick/logistick/assets/images/icons/order-icon1.svg]
[wowtheme7.com/tf/logistick/logistick/assets/images/icons/order-icon2.svg]
[wowtheme7.com/tf/logistick/logistick/assets/images/icons/order-icon3.svg]
[wowtheme7.com/tf/logistick/logistick/assets/images/icons/order-icon4.svg]
[wowtheme7.com/tf/logistick/logistick/assets/images/thumbs/order-right-img.png]
[wowtheme7.com/tf/logistick/logistick/assets/images/shapes/faq-bg-shape.png]
[wowtheme7.com/tf/logistick/logistick/assets/images/shapes/testimonials-two-pattern.png]
[wowtheme7.com/tf/logistick/logistick/assets/images/thumbs/testimonails-two-img.png]
[wowtheme7.com/tf/logistick/logistick/assets/images/icons/quote-two-icon.svg]
[wowtheme7.com/tf/logistick/logistick/assets/images/icons/quote-three-icon.svg]
[wowtheme7.com/tf/logistick/logistick/assets/images/thumbs/testi-img1.png]
[wowtheme7.com/tf/logistick/logistick/assets/images/thumbs/testi-img2.png]
[wowtheme7.com/tf/logistick/logistick/assets/images/thumbs/testi-img4.png]
[wowtheme7.com/tf/logistick/logistick/assets/images/thumbs/testi-img3.png]
[wowtheme7.com/tf/logistick/logistick/assets/images/thumbs/blog-two-img1.png]
[wowtheme7.com/tf/logistick/logistick/assets/images/thumbs/blog-two-img2.png]
[wowtheme7.com/tf/logistick/logistick/assets/images/thumbs/blog-two-img3.png]
[wowtheme7.com/tf/logistick/logistick/index-2.html]
[wowtheme7.com/tf/logistick/logistick/assets/images/thumbs/banner-four-bg2.jpg]
[wowtheme7.com/tf/logistick/logistick/assets/images/thumbs/banner-four-bg1.png]
[wowtheme7.com/tf/logistick/logistick/assets/images/shapes/feature-four-icon1.png]
[wowtheme7.com/tf/logistick/logistick/assets/images/shapes/feature-four-icon2.png]
[wowtheme7.com/tf/logistick/logistick/assets/images/shapes/feature-four-icon3.png]
[wowtheme7.com/tf/logistick/logistick/assets/images/thumbs/about-four-thumb1.png]
[wowtheme7.com/tf/logistick/logistick/assets/images/shapes/about-four-shape1.png]
[wowtheme7.com/tf/logistick/logistick/assets/images/shapes/about-four-shape2.png]
[wowtheme7.com/tf/logistick/logistick/assets/images/thumbs/about-four-thumb2.png]
[wowtheme7.com/tf/logistick/logistick/assets/images/shapes/about-four-check.png]
[wowtheme7.com/tf/logistick/logistick/assets/images/thumbs/about-four-img.png]
[wowtheme7.com/tf/logistick/logistick/assets/images/thumbs/service-four-thumb.png]
[wowtheme7.com/tf/logistick/logistick/assets/images/shapes/service-four-icon1.png]
[wowtheme7.com/tf/logistick/logistick/assets/images/shapes/service-four-icon11.png]
[wowtheme7.com/tf/logistick/logistick/assets/images/shapes/service-four-icon2.png]
[wowtheme7.com/tf/logistick/logistick/assets/images/shapes/service-four-icon22.png]
[wowtheme7.com/tf/logistick/logistick/assets/images/shapes/service-four-icon3.png]
[wowtheme7.com/tf/logistick/logistick/assets/images/shapes/service-four-icon33.png]
[wowtheme7.com/tf/logistick/logistick/assets/images/thumbs/chooseus-four-bg.png]
[wowtheme7.com/tf/logistick/logistick/assets/images/shapes/chooseus-four-icon1.png]
[wowtheme7.com/tf/logistick/logistick/assets/images/shapes/chooseus-four-icon2.png]
[wowtheme7.com/tf/logistick/logistick/assets/images/shapes/chooseus-four-icon3.png]
[wowtheme7.com/tf/logistick/logistick/assets/images/thumbs/chooseus-four-thumb.png]
[wowtheme7.com/tf/logistick/logistick/assets/images/shapes/chooseus-four-1.png]
[wowtheme7.com/tf/logistick/logistick/assets/images/shapes/chooseus-four-2.png]
[wowtheme7.com/tf/logistick/logistick/assets/images/thumbs/call-to-action-four-bg.png]
[wowtheme7.com/tf/logistick/logistick/assets/images/shapes/call-to-action-shape.png]
[wowtheme7.com/tf/logistick/logistick/assets/images/thumbs/portfolio-four-bg.png]
[wowtheme7.com/tf/logistick/logistick/assets/images/thumbs/portfolio-four-thumb1.png]
[wowtheme7.com/tf/logistick/logistick/assets/images/thumbs/portfolio-four-thumb2.png]
[wowtheme7.com/tf/logistick/logistick/assets/images/thumbs/portfolio-four-thumb3.png]
[wowtheme7.com/tf/logistick/logistick/assets/images/thumbs/blog-four-thumb1.png]
[wowtheme7.com/tf/logistick/logistick/assets/images/thumbs/blog-four-thumb2.png]
[wowtheme7.com/tf/logistick/logistick/assets/images/thumbs/blog-four-thumb3.png]
[wowtheme7.com/tf/logistick/logistick/assets/images/thumbs/brand-four-thumb1.png]
[wowtheme7.com/tf/logistick/logistick/assets/images/thumbs/brand-four-thumb2.png]
[wowtheme7.com/tf/logistick/logistick/assets/images/thumbs/brand-four-thumb3.png]
[wowtheme7.com/tf/logistick/logistick/assets/images/thumbs/brand-four-thumb4.png]
[wowtheme7.com/tf/logistick/logistick/assets/images/thumbs/brand-four-thumb5.png]
[wowtheme7.com/tf/logistick/logistick/assets/images/thumbs/brand-four-thumb6.png]
[wowtheme7.com/tf/logistick/logistick/index-4.html]
[wowtheme7.com/tf/logistick/logistick/assets/images/thumbs/banner-five-bg1.png]
[wowtheme7.com/tf/logistick/logistick/assets/images/thumbs/banner-five-bg2.png]
[wowtheme7.com/tf/logistick/logistick/assets/images/thumbs/banner-five-bg3.jpg]
[wowtheme7.com/tf/logistick/logistick/assets/images/thumbs/brand-five-bg.png]
[wowtheme7.com/tf/logistick/logistick/assets/images/shapes/about-five-icon1.png]
[wowtheme7.com/tf/logistick/logistick/assets/images/thumbs/about-five-thumb1.png]
[wowtheme7.com/tf/logistick/logistick/assets/images/thumbs/about-five-thumb2.png]
[wowtheme7.com/tf/logistick/logistick/assets/images/shapes/about-five-shape3.png]
[wowtheme7.com/tf/logistick/logistick/assets/images/thumbs/chooseus-five-bg.png]
[wowtheme7.com/tf/logistick/logistick/assets/images/shapes/chooseus-five-icon1.png]
[wowtheme7.com/tf/logistick/logistick/assets/images/shapes/chooseus-five-icon2.png]
[wowtheme7.com/tf/logistick/logistick/assets/images/thumbs/chooseus-five-thumb.png]
[wowtheme7.com/tf/logistick/logistick/assets/images/shapes/chooseus-five-icon3.png]
[wowtheme7.com/tf/logistick/logistick/assets/images/shapes/chooseus-five-icon4.png]
[wowtheme7.com/tf/logistick/logistick/assets/images/shapes/request-five-icon1.png]
[wowtheme7.com/tf/logistick/logistick/assets/images/shapes/request-five-icon2.png]
[wowtheme7.com/tf/logistick/logistick/assets/images/thumbs/video-five-bg.png]
[wowtheme7.com/tf/logistick/logistick/assets/images/shapes/video-five-box-shape.png]
[wowtheme7.com/tf/logistick/logistick/assets/images/thumbs/faq-five-thumb.png]
[wowtheme7.com/tf/logistick/logistick/assets/images/thumbs/blog-five-thumb1.jpg]
[wowtheme7.com/tf/logistick/logistick/assets/images/thumbs/blog-five-thumb2.jpg]
[wowtheme7.com/tf/logistick/logistick/assets/images/thumbs/blog-five-thumb3.jpg]
[wowtheme7.com/tf/logistick/logistick/index-5.html]
[wowtheme7.com/tf/logistick/logistick/assets/images/thumbs/breadcrumb-bg.png]
[wowtheme7.com/tf/logistick/logistick/assets/images/thumbs/project-two-img1.png]
[wowtheme7.com/tf/logistick/logistick/assets/images/thumbs/project-two-img2.png]
[wowtheme7.com/tf/logistick/logistick/assets/images/thumbs/project-two-img3.png]
[wowtheme7.com/tf/logistick/logistick/assets/images/thumbs/project-two-img4.png]
[wowtheme7.com/tf/logistick/logistick/assets/images/thumbs/project-two-img5.png]
[wowtheme7.com/tf/logistick/logistick/assets/images/thumbs/project-two-img6.png]
[wowtheme7.com/tf/logistick/logistick/project.html]
[wowtheme7.com/tf/logistick/logistick/assets/images/thumbs/project-details-img1.png]
[wowtheme7.com/tf/logistick/logistick/assets/images/thumbs/project-details-img2.png]
[wowtheme7.com/tf/logistick/logistick/assets/images/thumbs/project-details-img3.png]
[wowtheme7.com/tf/logistick/logistick/assets/images/thumbs/project-details-img4.png]
[wowtheme7.com/tf/logistick/logistick/project-details.html]
[wowtheme7.com/tf/logistick/logistick/assets/images/thumbs/team-img4.png]
[wowtheme7.com/tf/logistick/logistick/assets/images/thumbs/team-img6.png]
[wowtheme7.com/tf/logistick/logistick/assets/images/thumbs/team-img7.png]
[wowtheme7.com/tf/logistick/logistick/assets/images/thumbs/team-img8.png]
[wowtheme7.com/tf/logistick/logistick/team.html]
[wowtheme7.com/tf/logistick/logistick/assets/images/thumbs/team-details-img.jpg]
[wowtheme7.com/tf/logistick/logistick/team-details.html]
[wowtheme7.com/tf/logistick/logistick/assets/images/icons/service-icon6.svg]
[wowtheme7.com/tf/logistick/logistick/assets/images/icons/service-icon7.svg]
[wowtheme7.com/tf/logistick/logistick/service.html]
[wowtheme7.com/tf/logistick/logistick/assets/images/thumbs/service-details-img.png]
[wowtheme7.com/tf/logistick/logistick/assets/images/thumbs/service-details-video-img.jpg]
[wowtheme7.com/tf/logistick/logistick/assets/images/thumbs/service-details-img1.jpg]
[wowtheme7.com/tf/logistick/logistick/assets/images/thumbs/service-details-img2.jpg]
[wowtheme7.com/tf/logistick/logistick/assets/images/thumbs/service-details-img3.jpg]
[wowtheme7.com/tf/logistick/logistick/assets/images/thumbs/service-details-img4.jpg]
[wowtheme7.com/tf/logistick/logistick/service-details.html]
[wowtheme7.com/tf/logistick/logistick/assets/images/thumbs/video_bg.png]
[wowtheme7.com/tf/logistick/logistick/about.html]
[wowtheme7.com/tf/logistick/logistick/assets/images/thumbs/blog-page-img1.png]
[wowtheme7.com/tf/logistick/logistick/assets/images/thumbs/blog-page-img2.png]
[wowtheme7.com/tf/logistick/logistick/assets/images/thumbs/blog-page-img3.png]
[wowtheme7.com/tf/logistick/logistick/assets/images/thumbs/blogger.png]
[wowtheme7.com/tf/logistick/logistick/assets/images/thumbs/recent-post-img1.png]
[wowtheme7.com/tf/logistick/logistick/assets/images/thumbs/recent-post-img2.png]
[wowtheme7.com/tf/logistick/logistick/assets/images/thumbs/recent-post-img3.png]
[wowtheme7.com/tf/logistick/logistick/blog.html]
[wowtheme7.com/tf/logistick/logistick/assets/images/icons/quate-blog.svg]
[wowtheme7.com/tf/logistick/logistick/assets/images/thumbs/invest-img.png]
[wowtheme7.com/tf/logistick/logistick/assets/images/thumbs/blog-details-img1.png]
[wowtheme7.com/tf/logistick/logistick/assets/images/thumbs/blog-details-img2.png]
[wowtheme7.com/tf/logistick/logistick/assets/images/thumbs/comment-img1.jpg]
[wowtheme7.com/tf/logistick/logistick/assets/images/icons/reply.svg]
[wowtheme7.com/tf/logistick/logistick/assets/images/thumbs/comment-img2.png]
[wowtheme7.com/tf/logistick/logistick/blog-details.html]
[wowtheme7.com/tf/logistick/logistick/contact.html]
[wowtheme7.com/tf/logistick/logistick/assets/images/icons/cart-icon.svg]
[wowtheme7.com/tf/logistick/logistick/assets/images/icons/bars-two.svg]
[wowtheme7.com/tf/logistick/logistick/assets/images/icons/service-three-icon1.svg]
[wowtheme7.com/tf/logistick/logistick/assets/images/icons/arrow-long.svg]
[wowtheme7.com/tf/logistick/logistick/assets/images/icons/service-three-icon2.svg]
[wowtheme7.com/tf/logistick/logistick/assets/images/icons/service-three-icon3.svg]
[wowtheme7.com/tf/logistick/logistick/assets/images/icons/features-icon1.svg]
[wowtheme7.com/tf/logistick/logistick/assets/images/icons/features-icon3.svg]
[wowtheme7.com/tf/logistick/logistick/assets/images/icons/star-icon.svg]
[wowtheme7.com/tf/logistick/logistick/assets/images/icons/rocket.svg]
[wowtheme7.com/tf/logistick/logistick/assets/images/icons/transport-way-icon1.svg]
[wowtheme7.com/tf/logistick/logistick/assets/images/icons/transport-way-icon2.svg]
[wowtheme7.com/tf/logistick/logistick/assets/images/icons/transport-way-icon3.svg]
[wowtheme7.com/tf/logistick/logistick/assets/images/icons/transport-way-icon4.svg]
[wowtheme7.com/tf/logistick/logistick/assets/images/icons/service-icon1.svg]
[wowtheme7.com/tf/logistick/logistick/assets/images/icons/service-icon5.svg]
[wowtheme7.com/tf/logistick/logistick/assets/images/icons/tranport-way-icon33.svg]
[wowtheme7.com/tf/logistick/logistick/assets/images/icons/message-double.svg]
[wowtheme7.com/tf/logistick/logistick/assets/images/icons/quate-icon.svg]
[wowtheme7.com/tf/logistick/logistick/assets/images/icons/counter-three-icon1.svg]
[wowtheme7.com/tf/logistick/logistick/assets/images/icons/counter-three-icon2.svg]
[wowtheme7.com/tf/logistick/logistick/assets/images/icons/counter-three-icon3.svg]
[wowtheme7.com/tf/logistick/logistick/assets/images/icons/counter-three-icon4.svg]
[wowtheme7.com/tf/logistick/logistick/assets/images/icons/bars.svg]
[wowtheme7.com/tf/logistick/logistick/assets/images/icons/features-icon2.svg]
[wowtheme7.com/tf/logistick/logistick/assets/images/icons/features-icon4.svg]
[wowtheme7.com/tf/logistick/logistick/assets/images/icons/play-bar.svg]
[wowtheme7.com/tf/logistick/logistick/assets/images/icons/about-icon1.svg]
[wowtheme7.com/tf/logistick/logistick/assets/images/icons/about-icon2.svg]
[wowtheme7.com/tf/logistick/logistick/assets/images/icons/service-icon3.svg]
[wowtheme7.com/tf/logistick/logistick/assets/images/icons/service-icon4.svg]
[wowtheme7.com/tf/logistick/logistick/assets/images/icons/key-features-icon1.svg]
[wowtheme7.com/tf/logistick/logistick/assets/images/icons/key-features-icon2.svg]
[wowtheme7.com/tf/logistick/logistick/assets/images/icons/key-features-icon3.svg]
[wowtheme7.com/tf/logistick/logistick/assets/images/icons/key-features-icon4.svg]
[wowtheme7.com/tf/logistick/logistick/assets/images/icons/key-features-icon5.svg]
[wowtheme7.com/tf/logistick/logistick/assets/images/icons/key-features-icon6.svg]
[wowtheme7.com/tf/logistick/logistick/assets/images/icons/tranport-way-icon1.svg]
[wowtheme7.com/tf/logistick/logistick/assets/images/icons/tranport-way-icon2.svg]
[wowtheme7.com/tf/logistick/logistick/assets/images/icons/tranport-way-icon3.svg]
[wowtheme7.com/tf/logistick/logistick/assets/images/icons/conact-us-icon1.svg]
[wowtheme7.com/tf/logistick/logistick/assets/images/icons/arrow-right.svg]
[wowtheme7.com/tf/logistick/logistick/assets/images/icons/conact-us-icon2.svg]
[wowtheme7.com/tf/logistick/logistick/assets/images/icons/facility-icon1.svg]
[wowtheme7.com/tf/logistick/logistick/assets/images/icons/facility-icon2.svg]
[wowtheme7.com/tf/logistick/logistick/assets/images/icons/facility-icon3.svg]
[wowtheme7.com/tf/logistick/logistick/assets/images/icons/message-icon.svg]
[wowtheme7.com/tf/logistick/logistick/assets/images/icons/watch.svg]
[wowtheme7.com/tf/logistick/logistick/assets/images/icons/envelop.svg]
[wowtheme7.com/tf/logistick/logistick/assets/images/icons/phone.svg]
[wowtheme7.com/tf/logistick/logistick/assets/images/icons/papper.svg]
[wowtheme7.com/tf/logistick/logistick/assets/images/icons/tag-icon.svg]
[wowtheme7.com/tf/logistick/logistick/assets/images/icons/spy-icon.svg]
[wowtheme7.com/tf/logistick/logistick/assets/images/icons/hand-love.svg]
[wowtheme7.com/tf/logistick/logistick/assets/images/icons/process-icon1.svg]
[wowtheme7.com/tf/logistick/logistick/assets/images/icons/process-icon2.svg]
[wowtheme7.com/tf/logistick/logistick/assets/images/icons/process-icon3.svg]
[wowtheme7.com/tf/logistick/logistick/assets/images/icons/tv-icon.svg]
[wowtheme7.com/tf/logistick/logistick/assets/images/icons/wifi-router.svg]
[wowtheme7.com/tf/logistick/logistick/assets/images/icons/order-icon1.svg]
[wowtheme7.com/tf/logistick/logistick/assets/images/icons/order-icon2.svg]
[wowtheme7.com/tf/logistick/logistick/assets/images/icons/order-icon3.svg]
[wowtheme7.com/tf/logistick/logistick/assets/images/icons/order-icon4.svg]
[wowtheme7.com/tf/logistick/logistick/assets/images/icons/quote-two-icon.svg]
[wowtheme7.com/tf/logistick/logistick/assets/images/icons/quote-three-icon.svg]
[wowtheme7.com/tf/logistick/logistick/assets/images/icons/service-icon6.svg]
[wowtheme7.com/tf/logistick/logistick/assets/images/icons/service-icon7.svg]
[wowtheme7.com/tf/logistick/logistick/assets/images/icons/quate-blog.svg]
[wowtheme7.com/tf/logistick/logistick/assets/images/icons/reply.svg]
